 WARNING : Adaptive Grid did not find any refinement variables
 Grid_init: resolution based on runtime params:
  lrefine          dx              dy              dz
      1      15312500.000    15312500.000    15312500.000
 MaterialProperties initialized
 Cosmology initialized
 about to open file
 [Eos_init] Cannot open helm_table.bdat!
 [Eos_init] Trying old helm_table.dat!
 Source terms initialized
 [WDHydrostatic] model file: wd_model.dat
 [WDHydrostatic] points read =         2048
 [WDHydrostatic] r range     =    0.0000000000000000        848704895.71000004     
 [WDHydrostatic] rho_c       =    988393849.50000000     
 [WDHydrostatic] T (uniform) =    10000000.000000000     
 [WDHydrostatic] abar, zbar  =    4.0000000000000000        2.0000000000000000     
 [WDHydrostatic] nSubZones   =            8
 [WDHydrostatic] t_dyn       =   0.28796699999999997     
 [WDHydrostatic] damping: timescale/t_dyn =   0.20000000000000001     
 [WDHydrostatic] damping: ramp start, end (t_dyn) =    18.000000000000000        20.000000000000000     
 [WDHydrostatic] sponge: timescale =    1.0000000000000000E-004
 [WDHydrostatic] sponge: dens lower, upper =    10000.000000000000        100000.00000000000     
  iteration, no. not moved =            0           0
 refined: total leaf blocks =          512
 refined: total blocks =          512
 [amr_morton_process]: Initializing surr_blks using standard orrery implementation
  Finished with Grid_initDomain, no restart
 Ready to call Hydro_init
 Hydro initialized
 Gravity initialized
 Initial dt verified

Program received signal SIGSEGV: Segmentation fault - invalid memory reference.

Backtrace for this error:
#0  0x7c8dfbe3b51f in ???
#1  0x5779fa9cfa67 in gr_mpolemom3dcartesian_
	at /opt/FLASH4.8/objdir_wd_new/gr_mpoleMom3Dcartesian.F90:321
#2  0x5779fa935ce5 in grid_solvepoisson_
	at /opt/FLASH4.8/objdir_wd_new/Grid_solvePoisson.F90:107
#3  0x5779fa9160dd in gravity_potentiallistofblocks_
	at /opt/FLASH4.8/objdir_wd_new/Gravity_potentialListOfBlocks.F90:237
#4  0x5779fa90db6b in driver_initflash_
	at /opt/FLASH4.8/objdir_wd_new/Driver_initFlash.F90:229
#5  0x5779fa8fbb63 in flash
	at /opt/FLASH4.8/objdir_wd_new/Flash.F90:49
#6  0x5779fa8fbb63 in main
	at /opt/FLASH4.8/objdir_wd_new/Flash.F90:43

===================================================================================
=   BAD TERMINATION OF ONE OF YOUR APPLICATION PROCESSES
=   PID 12 RUNNING AT f5c0ec530911
=   EXIT CODE: 9
=   CLEANING UP REMAINING PROCESSES
=   YOU CAN IGNORE THE BELOW CLEANUP MESSAGES
===================================================================================
YOUR APPLICATION TERMINATED WITH THE EXIT STRING: Segmentation fault (signal 11)
This typically refers to a problem with your application.
Please see the FAQ page for debugging suggestions
