 WARNING : Adaptive Grid did not find any refinement variables
 Grid_init: resolution based on runtime params:
  lrefine          dx              dy              dz
      1      15312500.000    15312500.000    15312500.000
 MaterialProperties initialized
 Cosmology initialized
 about to open file
 [Eos_init] Cannot open helm_table.bdat!
 [Eos_init] Trying old helm_table.dat!
 Source terms initialized
 [WDHydrostatic] model file: wd_model.dat
 [WDHydrostatic] points read =         2048
 [WDHydrostatic] r range     =    0.0000000000000000        848704895.71000004     
 [WDHydrostatic] rho_c       =    988393849.50000000     
 [WDHydrostatic] T (uniform) =    10000000.000000000     
 [WDHydrostatic] abar, zbar  =    4.0000000000000000        2.0000000000000000     
 [WDHydrostatic] nSubZones   =            3
 [WDHydrostatic] t_dyn       =   0.28796699999999997     
 [WDHydrostatic] damping: timescale/t_dyn =   0.20000000000000001     
 [WDHydrostatic] damping: ramp start, end (t_dyn) =    18.000000000000000        20.000000000000000     
 [WDHydrostatic] sponge: timescale =    1.0000000000000000E-004
 [WDHydrostatic] sponge: dens lower, upper =    10000.000000000000        100000.00000000000     
  iteration, no. not moved =            0           0
 refined: total leaf blocks =          512
 refined: total blocks =          512
 [amr_morton_process]: Initializing surr_blks using standard orrery implementation
 [gr_mpoleInit] using 223 moment array, 892 items                                                                                                                                                                                                                               
  Finished with Grid_initDomain, no restart
 Ready to call Hydro_init
 Hydro initialized
 Gravity initialized
 Initial dt verified
 *** Wrote checkpoint file to wd_hdf5_chk_0000 ****
 *** Wrote plotfile to wd_hdf5_plt_cnt_0000 ****
 Initial plotfile written
 Driver init all done
 [WDHydrostatic] t/t_dyn =   0.0000000000000000       damp factor =  0.99998263705010471       sponge alpha =   9.9999999999999985E-003
       n          t         dt  (         x,          y,          z) |  dt_hydro  dt_Diff  
       1 1.0000E-06 2.0000E-06  (-7.656E+06, -7.656E+06, -7.656E+06) |  9.569E-03 9.379E+43
       2 3.0000E-06 4.0000E-06  (-7.656E+06, -7.656E+06, -7.656E+06) |  9.569E-03 9.379E+43
       3 7.0000E-06 8.0000E-06  (-7.656E+06,  7.656E+06,  7.656E+06) |  9.569E-03 9.379E+43
       4 1.5000E-05 1.6000E-05  (-7.656E+06, -7.656E+06, -7.656E+06) |  9.569E-03 9.379E+43
       5 3.1000E-05 3.2000E-05  ( 7.656E+06, -7.656E+06,  7.656E+06) |  9.569E-03 9.379E+43
       6 6.3000E-05 6.4000E-05  ( 7.656E+06,  7.656E+06, -7.656E+06) |  9.568E-03 9.379E+43
       7 1.2700E-04 1.2800E-04  ( 7.656E+06,  7.656E+06,  7.656E+06) |  9.568E-03 9.379E+43
       8 2.5500E-04 2.5600E-04  (-7.656E+06,  7.656E+06,  7.656E+06) |  9.566E-03 9.379E+43
       9 5.1100E-04 5.1200E-04  ( 7.656E+06, -7.656E+06, -7.656E+06) |  9.563E-03 9.379E+43
      10 1.0230E-03 1.0240E-03  ( 7.656E+06,  7.656E+06, -7.656E+06) |  9.557E-03 9.379E+43
      11 2.0470E-03 2.0480E-03  (-7.656E+06,  7.656E+06, -7.656E+06) |  9.546E-03 9.379E+43
      12 4.0950E-03 4.0960E-03  (-7.656E+06, -7.656E+06, -7.656E+06) |  9.528E-03 9.379E+43
      13 8.1910E-03 8.1920E-03  (-7.656E+06, -7.656E+06, -7.656E+06) |  9.500E-03 9.379E+43
      14 1.6383E-02 5.8348E-03  ( 2.527E+08,  6.891E+07, -5.359E+07) |  5.835E-03 9.379E+43
 *** Wrote plotfile to wd_hdf5_plt_cnt_0001 ****
      15 2.2218E-02 9.4611E-03  (-7.656E+06, -7.656E+06, -7.656E+06) |  9.461E-03 9.379E+43
      16 3.1679E-02 2.2163E-03  ( 3.828E+07,  6.891E+07, -2.527E+08) |  2.216E-03 9.379E+43
      17 3.3895E-02 4.4327E-03  ( 3.828E+07,  8.422E+07, -2.527E+08) |  6.073E-03 9.379E+43
      18 3.8328E-02 5.3512E-03  ( 3.828E+07,  8.422E+07, -2.527E+08) |  5.351E-03 9.379E+43
 *** Wrote plotfile to wd_hdf5_plt_cnt_0002 ****
      19 4.3679E-02 4.8133E-03  ( 3.828E+07,  8.422E+07, -2.527E+08) |  4.813E-03 9.379E+43
      20 4.8492E-02 5.1028E-03  ( 3.828E+07,  8.422E+07, -2.527E+08) |  5.103E-03 9.379E+43
 [WDHydrostatic] t/t_dyn =  0.16839583440520128       damp factor =  0.91521097292848541       sponge alpha =   51.028137571757590     
      21 5.3595E-02 4.3217E-03  ( 3.828E+07, -2.527E+08,  8.422E+07) |  4.322E-03 9.379E+43
      22 5.7917E-02 8.6433E-03  ( 2.527E+08,  3.828E+07,  8.422E+07) |  9.311E-03 9.379E+43
 *** Wrote plotfile to wd_hdf5_plt_cnt_0003 ****
      23 6.6560E-02 6.1707E-03  ( 3.828E+07,  9.953E+07, -2.527E+08) |  6.171E-03 9.379E+43
      24 7.2731E-02 8.6119E-03  ( 3.828E+07, -2.527E+08,  9.953E+07) |  8.612E-03 9.379E+43
 *** Wrote plotfile to wd_hdf5_plt_cnt_0004 ****
      25 8.1343E-02 8.2592E-03  ( 3.828E+07, -2.527E+08,  9.953E+07) |  8.259E-03 9.379E+43
      26 8.9602E-02 9.1876E-03  ( 3.828E+07, -2.527E+08,  9.953E+07) |  9.188E-03 9.379E+43
      27 9.8790E-02 9.4758E-03  ( 7.656E+06, -7.656E+06,  7.656E+06) |  9.476E-03 9.379E+43
 *** Wrote plotfile to wd_hdf5_plt_cnt_0005 ****
      28 1.0827E-01 9.4768E-03  ( 7.656E+06, -7.656E+06, -7.656E+06) |  9.477E-03 9.379E+43
      29 1.1774E-01 9.4762E-03  ( 7.656E+06, -7.656E+06, -7.656E+06) |  9.476E-03 9.379E+43
 *** Wrote plotfile to wd_hdf5_plt_cnt_0006 ****
      30 1.2722E-01 9.4756E-03  (-7.656E+06, -7.656E+06, -7.656E+06) |  9.476E-03 9.379E+43
      31 1.3669E-01 9.4754E-03  (-7.656E+06, -7.656E+06, -7.656E+06) |  9.475E-03 9.379E+43
 *** Wrote plotfile to wd_hdf5_plt_cnt_0007 ****
      32 1.4617E-01 7.8988E-03  (-5.359E+07, -5.359E+07, -2.527E+08) |  7.899E-03 9.379E+43
      33 1.5407E-01 9.4720E-03  (-7.656E+06, -7.656E+06, -7.656E+06) |  9.472E-03 9.379E+43
 *** Wrote plotfile to wd_hdf5_plt_cnt_0008 ****
      34 1.6354E-01 9.4780E-03  (-7.656E+06, -7.656E+06, -7.656E+06) |  9.478E-03 9.379E+43
      35 1.7302E-01 3.5019E-03  ( 2.527E+08,  5.359E+07, -6.891E+07) |  3.502E-03 9.379E+43
      36 1.7652E-01 7.0037E-03  (-7.656E+06, -7.656E+06, -7.656E+06) |  9.474E-03 9.379E+43
 *** Wrote plotfile to wd_hdf5_plt_cnt_0009 ****
      37 1.8352E-01 9.4757E-03  (-7.656E+06, -7.656E+06, -7.656E+06) |  9.476E-03 9.379E+43
      38 1.9300E-01 9.4880E-03  (-7.656E+06, -7.656E+06, -7.656E+06) |  9.488E-03 9.379E+43
 *** Wrote plotfile to wd_hdf5_plt_cnt_0010 ****
      39 2.0249E-01 9.0236E-03  ( 2.527E+08,  8.422E+07,  5.359E+07) |  9.024E-03 9.379E+43
      40 2.1151E-01 9.4934E-03  ( 7.656E+06, -7.656E+06, -7.656E+06) |  9.493E-03 9.379E+43
 [WDHydrostatic] t/t_dyn =  0.73449750353130594       damp factor =  0.84803382053128351       sponge alpha =   94.933943405075766     
 *** Wrote plotfile to wd_hdf5_plt_cnt_0011 ****
      41 2.2100E-01 9.4968E-03  (-7.656E+06, -7.656E+06, -7.656E+06) |  9.497E-03 9.379E+43
      42 2.3050E-01 9.4989E-03  (-7.656E+06, -7.656E+06, -7.656E+06) |  9.499E-03 9.379E+43
 *** Wrote plotfile to wd_hdf5_plt_cnt_0012 ****
      43 2.4000E-01 9.5008E-03  ( 7.656E+06, -7.656E+06, -7.656E+06) |  9.501E-03 9.379E+43
      44 2.4950E-01 9.5028E-03  (-7.656E+06, -7.656E+06, -7.656E+06) |  9.503E-03 9.379E+43
      45 2.5900E-01 9.5051E-03  ( 7.656E+06, -7.656E+06, -7.656E+06) |  9.505E-03 9.379E+43
 *** Wrote plotfile to wd_hdf5_plt_cnt_0013 ****
      46 2.6851E-01 9.5075E-03  (-7.656E+06, -7.656E+06, -7.656E+06) |  9.508E-03 9.379E+43
      47 2.7802E-01 9.5102E-03  (-7.656E+06, -7.656E+06, -7.656E+06) |  9.510E-03 9.379E+43
 *** Wrote plotfile to wd_hdf5_plt_cnt_0014 ****
      48 2.8753E-01 9.5131E-03  ( 7.656E+06, -7.656E+06, -7.656E+06) |  9.513E-03 9.379E+43
      49 2.9704E-01 9.5162E-03  (-7.656E+06, -7.656E+06, -7.656E+06) |  9.516E-03 9.379E+43
 *** Wrote plotfile to wd_hdf5_plt_cnt_0015 ****
      50 3.0656E-01 9.5194E-03  (-7.656E+06, -7.656E+06, -7.656E+06) |  9.519E-03 9.379E+43
      51 3.1608E-01 9.5227E-03  ( 7.656E+06, -7.656E+06, -7.656E+06) |  9.523E-03 9.379E+43
 *** Wrote plotfile to wd_hdf5_plt_cnt_0016 ****
      52 3.2560E-01 9.5261E-03  ( 7.656E+06, -7.656E+06, -7.656E+06) |  9.526E-03 9.379E+43
      53 3.3512E-01 9.5295E-03  ( 7.656E+06, -7.656E+06, -7.656E+06) |  9.529E-03 9.379E+43
 *** Wrote plotfile to wd_hdf5_plt_cnt_0017 ****
      54 3.4465E-01 9.5330E-03  (-7.656E+06, -7.656E+06, -7.656E+06) |  9.533E-03 9.379E+43
      55 3.5419E-01 9.5366E-03  (-7.656E+06, -7.656E+06, -7.656E+06) |  9.537E-03 9.379E+43
 *** Wrote plotfile to wd_hdf5_plt_cnt_0018 ****
      56 3.6372E-01 9.5402E-03  ( 7.656E+06, -7.656E+06,  7.656E+06) |  9.540E-03 9.379E+43
      57 3.7326E-01 9.5439E-03  (-7.656E+06,  7.656E+06,  7.656E+06) |  9.544E-03 9.379E+43
 *** Wrote plotfile to wd_hdf5_plt_cnt_0019 ****
      58 3.8281E-01 9.5477E-03  (-7.656E+06, -7.656E+06, -7.656E+06) |  9.548E-03 9.379E+43
      59 3.9235E-01 9.5515E-03  (-7.656E+06,  7.656E+06, -7.656E+06) |  9.551E-03 9.379E+43
 *** Wrote plotfile to wd_hdf5_plt_cnt_0020 ****
      60 4.0191E-01 4.9766E-03  ( 5.359E+07,  2.680E+08, -7.656E+06) |  4.977E-03 9.379E+43
 [WDHydrostatic] t/t_dyn =   1.3956680848756171       damp factor =  0.91721899436676668       sponge alpha =   49.765892026125158     
      61 4.0688E-01 9.5493E-03  ( 7.656E+06,  7.656E+06,  7.656E+06) |  9.549E-03 9.379E+43
      62 4.1643E-01 3.1325E-03  ( 2.680E+08,  7.656E+06,  5.359E+07) |  3.133E-03 9.379E+43
      63 4.1956E-01 6.2650E-03  ( 7.656E+06,  7.656E+06,  7.656E+06) |  9.557E-03 9.379E+43
 *** Wrote plotfile to wd_hdf5_plt_cnt_0021 ****
      64 4.2583E-01 9.5584E-03  ( 7.656E+06,  7.656E+06,  7.656E+06) |  9.558E-03 9.379E+43
      65 4.3539E-01 4.5679E-03  ( 2.297E+07,  3.828E+07,  2.680E+08) |  4.568E-03 9.379E+43
      66 4.3996E-01 9.1357E-03  ( 7.656E+06,  7.656E+06,  7.656E+06) |  9.570E-03 9.379E+43
 *** Wrote plotfile to wd_hdf5_plt_cnt_0022 ****
      67 4.4909E-01 2.7509E-03  (-2.680E+08, -2.297E+07, -3.828E+07) |  2.751E-03 9.379E+43
      68 4.5184E-01 5.5017E-03  (-7.656E+06, -7.656E+06,  7.656E+06) |  9.578E-03 9.379E+43
      69 4.5734E-01 9.5780E-03  (-7.656E+06, -7.656E+06,  7.656E+06) |  9.578E-03 9.379E+43
 *** Wrote plotfile to wd_hdf5_plt_cnt_0023 ****
      70 4.6692E-01 3.5100E-06  ( 2.680E+08,  2.297E+07, -2.297E+07) |  3.510E-06 9.379E+43
      71 4.6693E-01 5.4324E-06  ( 2.680E+08,  2.297E+07, -2.297E+07) |  5.432E-06 9.379E+43
      72 4.6693E-01 4.6257E-07  (-3.828E+07,  2.680E+08, -2.297E+07) |  4.626E-07 9.379E+43
      73 4.6693E-01 1.6204E-08  (-3.828E+07,  2.680E+08, -2.297E+07) |  1.620E-08 9.379E+43
      74 4.6693E-01 1.0000E-12  (-3.828E+07,  2.680E+08, -2.297E+07) |  6.055E-13 9.379E+43
      75 4.6693E-01 1.0000E-12  (-3.828E+07,  2.680E+08, -2.297E+07) |  3.257E-16 9.379E+43
  
 Newton-Raphson failed in subroutine eos_helmholtz
 (e and rho as input):
  
 too many iterations         100
  
  temp =    1436301033846.4946     
  dens =    40840813295.995659     
  pres =    3.1007245989571488E+030
 DRIVER_ABORT: [eos_helmholtz] Error: too many iterations in Helmholtz Eos
Abort(1) on node 2 (rank 2 in comm 0): application called MPI_Abort(MPI_COMM_WORLD, 1) - process 2
