 FLASH log file:  07-30-2026  01:03:28.256    Run number:  1
 ==============================================================================
 Number of MPI tasks:                  8
 MPI version:                          5
 MPI subversion:                       0
 Dimensionality:                       3
 Max Number of Blocks/Proc:          200
 Number x zones:                       8
 Number y zones:                       8
 Number z zones:                       8
 Setup stamp:     Thu Jul 30 01:02:45 2026
 Build stamp:     Thu Jul 30 01:02:58 2026
 System info:     Linux bbe19a0b1f1e 6.14.0-37-generic #37~24.04.1-Ubuntu SMP PREEMPT_DYNAMIC Thu
 Version:         FLASH 4.8                                                                       
 Build directory: /opt/FLASH4.8/objdir_wd
 Setup syntax:    /opt/FLASH4.8/bin/setup.py WDHydrostatic -auto -3d -site=wd_docker -objdir=objdir_wd
 f compiler flags: /opt/micromamba/envs/flash_gcc12/bin/mpif90 -ggdb -c -O2 -fdefault-real-8 -fdefault-double-8 -Wuninitialized -fallow-argument-mismatch -DMAXBLOCKS=200 -DNXB=8 -DNYB=8 -DNZB=8 -DN_DIM=3
 c compiler flags:    /opt/micromamba/envs/flash_gcc12/bin/mpicc -I/opt/micromamba/envs/flash_gcc12/include -DH5_USE_16_API -ggdb -c -O2 -Wuninitialized -D_FORTIFY_SOURCE=2 -DMAXBLOCKS=200 -DNXB=8 -DNYB=8 -DNZB=8 -DN_DIM=3
 ==============================================================================
 Comment:  hydrostatic white dwarf, Helmholtz EOS, field-free
 ==============================================================================
 FLASH Units used:
   Driver/DriverMain/Unsplit
   Driver/localAPI
   Grid/GridBoundaryConditions
   Grid/GridMain/paramesh/interpolation/Paramesh4/prolong
   Grid/GridMain/paramesh/interpolation/prolong
   Grid/GridMain/paramesh/paramesh4/Paramesh4dev/PM4_package/headers
   Grid/GridMain/paramesh/paramesh4/Paramesh4dev/PM4_package/mpi_source
   Grid/GridMain/paramesh/paramesh4/Paramesh4dev/PM4_package/source
   Grid/GridMain/paramesh/paramesh4/Paramesh4dev/PM4_package/utilities/multigrid
   Grid/GridMain/paramesh/paramesh4/Paramesh4dev/flash_avoid_orrery
   Grid/GridSolvers/Multipole
   Grid/localAPI
   IO/IOMain/hdf5/serial/PM
   IO/localAPI
   Multispecies/MultispeciesMain
   PhysicalConstants/PhysicalConstantsMain
   RuntimeParameters/RuntimeParametersMain
   Simulation/SimulationMain/WDHydrostatic
   flashUtilities/contiguousConversion
   flashUtilities/general
   flashUtilities/interpolation/oneDim
   flashUtilities/nameValueLL
   flashUtilities/sorting/quicksort
   flashUtilities/system/memoryUsage/legacy
   monitors/Logfile/LogfileMain
   monitors/Timers/TimersMain/MPINative
   physics/Diffuse/DiffuseMain
   physics/Diffuse/localAPI
   physics/Eos/EosMain/Helmholtz/SpeciesBased
   physics/Eos/localAPI
   physics/Gravity/GravityMain/Poisson/Multipole
   physics/Hydro/HydroMain/unsplit/Hydro_Unsplit
   physics/Hydro/localAPI
   physics/materialProperties/Conductivity/ConductivityMain/Constant
   physics/materialProperties/Conductivity/localAPI
 ==============================================================================
 RuntimeParameters:
                                                                               
 ==============================================================================
bndpriorityone              =          1
bndprioritythree            =          3
bndprioritytwo              =          2
checkpointfileintervalstep  =          0
checkpointfilenumber        =          0
dr_abortpause               =          2
dr_dtminbelowaction         =          1
dr_numposdefvars            =          4
drift_break_inst            =          0
drift_trunc_mantissa        =          2
drift_verbose_inst          =          0
eos_entrelescalechoice      =          6
eos_loglevel                =        700
eos_maxnewton               =        100 [CHANGED]
fileformatversion           =          9
forcedplotfilenumber        =          0
gp_radius                   =          2
gr_lrefmaxtimevalue_1       =         -1
gr_lrefmaxtimevalue_10      =         -1
gr_lrefmaxtimevalue_11      =         -1
gr_lrefmaxtimevalue_12      =         -1
gr_lrefmaxtimevalue_13      =         -1
gr_lrefmaxtimevalue_14      =         -1
gr_lrefmaxtimevalue_15      =         -1
gr_lrefmaxtimevalue_16      =         -1
gr_lrefmaxtimevalue_17      =         -1
gr_lrefmaxtimevalue_18      =         -1
gr_lrefmaxtimevalue_19      =         -1
gr_lrefmaxtimevalue_2       =         -1
gr_lrefmaxtimevalue_20      =         -1
gr_lrefmaxtimevalue_3       =         -1
gr_lrefmaxtimevalue_4       =         -1
gr_lrefmaxtimevalue_5       =         -1
gr_lrefmaxtimevalue_6       =         -1
gr_lrefmaxtimevalue_7       =         -1
gr_lrefmaxtimevalue_8       =         -1
gr_lrefmaxtimevalue_9       =         -1
gr_pmrpdivergencefree       =          1
gr_pmrpifaceoff             =          0
gr_pmrpl2p5d                =          0
gr_pmrpmaxblocks            =         -1
gr_pmrpmflags               =          1
gr_pmrpnboundaries          =          6
gr_pmrpndim                 =          3
gr_pmrpnedgevar1            =         -1
gr_pmrpnfacevar             =         -1
gr_pmrpnfielddivf           =         -1
gr_pmrpnfluxvar             =         -1
gr_pmrpnguard               =         -1
gr_pmrpnguardwork           =         -1
gr_pmrpnvar                 =         -1
gr_pmrpnvarwork             =          1
gr_pmrpnvarcorn             =          0
gr_pmrpnvaredge             =          0
gr_pmrpnxb                  =         -1
gr_pmrpnyb                  =         -1
gr_pmrpnzb                  =         -1
gr_restrictallmethod        =          3
gr_sanitizedatamode         =          1
gr_sanitizeverbosity        =          5
hy_3torder                  =         -1
hydrocomputedtoption        =         -1
iprocs                      =          1
interpol_order              =          2
irenorm                     =          0
jprocs                      =          1
kprocs                      =          1
lrefine_del                 =          0
lrefine_max                 =          1
lrefine_min                 =          1
lrefine_min_init            =          1
max_particles_per_blk       =        100
memory_stat_freq            =     100000
meshcopycount               =          1
min_particles_per_blk       =          1
mpole_lmax                  =          0
mpole_scaletype1            =          1
mpole_scaletype2            =          1
mpole_scaletype3            =          1
mpole_subsample             =          1
nbegin                      =          1
nblockx                     =          8 [CHANGED]
nblocky                     =          8 [CHANGED]
nblockz                     =          8 [CHANGED]
nend                        =     200000 [CHANGED]
nrefs                       =          2
nsteptotalsts               =          5
order                       =          2
outputsplitnum              =          1
plotfileintervalstep        =          0
plotfilenumber              =          0
refine_var_count            =          4
rolling_checkpoint          =      10000
sim_nsubzones               =          3
sweeporder                  =        123
transorder                  =          1
wr_integrals_freq           =          1
limitedslopebeta            =                 0.100E+01
poskappa1                   =                 0.400E+00
poskappa2                   =                 0.400E+00
cfl                         =                 0.500E+00 [CHANGED]
checkpointfileintervaltime  =                 0.500E+00 [CHANGED]
checkpointfileintervalz     =                 0.180+309
cond_constantcross          =                 0.000E+00
cond_constantisochoric      =                 0.000E+00
cond_constantparallel       =                 0.000E+00
cond_constantperpendicular  =                 0.000E+00
cvisc                       =                 0.100E+00
derefine_cutoff_1           =                 0.200E+00
derefine_cutoff_2           =                 0.200E+00
derefine_cutoff_3           =                 0.200E+00
derefine_cutoff_4           =                 0.200E+00
diff_eleflcoef              =                 0.100E+01
diff_ionflcoef              =                 0.100E+01
diff_magflcoef              =                 0.100E+01
diff_scalefactthermsatempdiff =                 0.100E+01
diff_scalefactthermsatime   =                 0.100E+01
diffusion_cutoff_density    =                 0.100E-29
dr_dtmincontinue            =                 0.000E+00
dr_posdefdtfactor           =                 0.100E+01
dr_tstepslowstartfactor     =                 0.100E+00
dt_diff_factor              =                 0.800E+00
dtinit                      =                 0.100E-05 [CHANGED]
dtmax                       =                 0.100E-01 [CHANGED]
dtmin                       =                 0.100E-11 [CHANGED]
eintswitch                  =                 0.000E+00
eos_coulombmult             =                 0.000E+00 [CHANGED]
eos_fluffdens               =                 0.000E+00
eos_mfaspeciesa             =                 0.100E+01
eos_mfaspeciesz             =                 0.100E+01
eos_mfbspeciesa             =                 0.100E+01
eos_mfbspeciesz             =                 0.100E+01
eos_singlespeciesa          =                 0.100E+01
eos_singlespeciesz          =                 0.100E+01
eos_tolerance               =                 0.100E-07
gamma                       =                 0.167E+01
gammaa                      =                 0.167E+01
gammab                      =                 0.167E+01
gp_elldel                   =                 0.120E+02
gp_sigdel                   =                 0.200E+01
gr_lrefinemaxredlogbase     =                 0.100E+02
gr_lrefinemaxredradiusfact  =                 0.000E+00
gr_lrefinemaxredtref        =                 0.000E+00
gr_lrefinemaxredtimescale   =                 0.100E+01
gr_lrefmaxtime_1            =                -0.100E+01
gr_lrefmaxtime_10           =                -0.100E+01
gr_lrefmaxtime_11           =                -0.100E+01
gr_lrefmaxtime_12           =                -0.100E+01
gr_lrefmaxtime_13           =                -0.100E+01
gr_lrefmaxtime_14           =                -0.100E+01
gr_lrefmaxtime_15           =                -0.100E+01
gr_lrefmaxtime_16           =                -0.100E+01
gr_lrefmaxtime_17           =                -0.100E+01
gr_lrefmaxtime_18           =                -0.100E+01
gr_lrefmaxtime_19           =                -0.100E+01
gr_lrefmaxtime_2            =                -0.100E+01
gr_lrefmaxtime_20           =                -0.100E+01
gr_lrefmaxtime_3            =                -0.100E+01
gr_lrefmaxtime_4            =                -0.100E+01
gr_lrefmaxtime_5            =                -0.100E+01
gr_lrefmaxtime_6            =                -0.100E+01
gr_lrefmaxtime_7            =                -0.100E+01
gr_lrefmaxtime_8            =                -0.100E+01
gr_lrefmaxtime_9            =                -0.100E+01
hy_cflfallbackfactor        =                 0.900E+00
hy_fpresinmomflux           =                 0.100E+01
hybridorderkappa            =                 0.000E+00
larget                      =                 0.100E+21
mpole_r12                   =                 0.000E+00
mpole_r23                   =                 0.100E+01
mpole_rscale1               =                 0.100E+01
mpole_rscale2               =                 0.100E+01
mpole_rscale3               =                 0.100E+01
nusts                       =                 0.100E+00
plotfileintervaltime        =                 0.200E-01 [CHANGED]
plotfileintervalz           =                 0.180+309
point_mass                  =                 0.000E+00
point_mass_rsoft            =                 0.000E+00
refine_cutoff_1             =                 0.800E+00
refine_cutoff_2             =                 0.800E+00
refine_cutoff_3             =                 0.800E+00
refine_cutoff_4             =                 0.800E+00
refine_filter_1             =                 0.100E-01
refine_filter_2             =                 0.100E-01
refine_filter_3             =                 0.100E-01
refine_filter_4             =                 0.100E-01
rss_limit                   =                -0.100E+01
sim_abar                    =                 0.400E+01
sim_dampendtdyn             =                 0.200E+02
sim_damprampstarttdyn       =                 0.180E+02
sim_damptimescaletdyn       =                 0.200E+00
sim_rhoambient              =                 0.100E+01 [CHANGED]
sim_spongelowerdens         =                 0.100E+05
sim_spongetimescale         =                 0.100E-03
sim_spongeupperdens         =                 0.100E+06
sim_tdyn                    =                 0.288E+00
sim_tempambient             =                 0.100E+08
sim_xctr                    =                 0.000E+00
sim_yctr                    =                 0.000E+00
sim_zbar                    =                 0.200E+01
sim_zctr                    =                 0.000E+00
small                       =                 0.100E-09
smalle                      =                 0.100E-09
smallp                      =                 0.100E-09
smallt                      =                 0.100E+06 [CHANGED]
smallu                      =                 0.100E-09
smallx                      =                 0.100E-09
smlrho                      =                 0.100E-01 [CHANGED]
tinitial                    =                 0.000E+00
tiny                        =                 0.100E-15
tmax                        =                 0.115E+01 [CHANGED]
tstep_change_factor         =                 0.200E+01
wall_clock_checkpoint       =                 0.432E+05
wall_clock_time_limit       =                 0.605E+06
x_refine_center             =                 0.000E+00
xmax                        =                 0.490E+09 [CHANGED]
xmin                        =                -0.490E+09 [CHANGED]
y_refine_center             =                 0.000E+00
ymax                        =                 0.490E+09 [CHANGED]
ymin                        =                -0.490E+09 [CHANGED]
zfinal                      =                 0.000E+00
zinitial                    =                -0.100E+01
z_refine_center             =                 0.000E+00
zmax                        =                 0.490E+09 [CHANGED]
zmin                        =                -0.490E+09 [CHANGED]
riemannsolver               = HLLC                          
unitsystem                  = none                          
basenm                      = wd_                            [CHANGED]
diff_eleflmode              = fl_none                       
diff_elexlboundarytype      = neumann                       
diff_elexrboundarytype      = neumann                       
diff_eleylboundarytype      = neumann                       
diff_eleyrboundarytype      = neumann                       
diff_elezlboundarytype      = neumann                       
diff_elezrboundarytype      = neumann                       
diff_ionflmode              = fl_none                       
diff_ionxlboundarytype      = neumann                       
diff_ionxrboundarytype      = neumann                       
diff_ionylboundarytype      = neumann                       
diff_ionyrboundarytype      = neumann                       
diff_ionzlboundarytype      = neumann                       
diff_ionzrboundarytype      = neumann                       
diff_magflmode              = fl_none                       
diff_magxxlboundarytype     = neumann                       
diff_magxxrboundarytype     = neumann                       
diff_magxylboundarytype     = neumann                       
diff_magxyrboundarytype     = neumann                       
diff_magxzlboundarytype     = neumann                       
diff_magxzrboundarytype     = neumann                       
diff_magyxlboundarytype     = neumann                       
diff_magyxrboundarytype     = neumann                       
diff_magyylboundarytype     = neumann                       
diff_magyyrboundarytype     = neumann                       
diff_magyzlboundarytype     = neumann                       
diff_magyzrboundarytype     = neumann                       
diff_magzxlboundarytype     = neumann                       
diff_magzxrboundarytype     = neumann                       
diff_magzylboundarytype     = neumann                       
diff_magzyrboundarytype     = neumann                       
diff_magzzlboundarytype     = neumann                       
diff_magzzrboundarytype     = neumann                       
dr_posdefvar_1              = none                          
dr_posdefvar_2              = none                          
dr_posdefvar_3              = none                          
dr_posdefvar_4              = none                          
entropyfixmethod            = HARTENHYMAN                   
eosmode                     = dens_ie                       
eosmodeinit                 = dens_ie                       
geometry                    = cartesian                     
gr_pmrpoutputdir            = ./                            
grav_boundary_type          = isolated                      
hy_eosmodegc                = see eosMode                   
log_file                    = wd.log                         [CHANGED]
output_directory            =                               
pc_unitsbase                = CGS                           
plot_grid_var_1             = none                          
plot_grid_var_10            = none                          
plot_grid_var_11            = none                          
plot_grid_var_12            = none                          
plot_grid_var_2             = none                          
plot_grid_var_3             = none                          
plot_grid_var_4             = none                          
plot_grid_var_5             = none                          
plot_grid_var_6             = none                          
plot_grid_var_7             = none                          
plot_grid_var_8             = none                          
plot_grid_var_9             = none                          
plot_var_1                  = dens                           [CHANGED]
plot_var_10                 = none                          
plot_var_11                 = none                          
plot_var_12                 = none                          
plot_var_13                 = none                          
plot_var_14                 = none                          
plot_var_15                 = none                          
plot_var_16                 = none                          
plot_var_2                  = temp                           [CHANGED]
plot_var_3                  = pres                           [CHANGED]
plot_var_4                  = none                          
plot_var_5                  = none                          
plot_var_6                  = none                          
plot_var_7                  = none                          
plot_var_8                  = none                          
plot_var_9                  = none                          
prof_file                   = profile.dat                   
refine_var_1                = none                          
refine_var_2                = none                          
refine_var_3                = none                          
refine_var_4                = none                          
run_comment                 = hydrostatic white dwarf, Helmh [CHANGED]
run_number                  = 1                             
sim_modelfile               = wd_model.dat                  
slopelimiter                = vanLeer                       
stats_file                  = flash.dat                     
wenomethod                  = WENO5                         
xl_boundary_type            = outflow                        [CHANGED]
xr_boundary_type            = outflow                        [CHANGED]
yl_boundary_type            = outflow                        [CHANGED]
yr_boundary_type            = outflow                        [CHANGED]
zl_boundary_type            = outflow                        [CHANGED]
zr_boundary_type            = outflow                        [CHANGED]
eosforriemann               =  F
addthermalflux              =  T
allowdtstsdominate          =  F
alwayscomputeuservars       =  T
alwaysrestrictcheckpoint    =  T
appendparrestart            =  F
charlimiting                =  T
chkguardcellsinput          =  F
chkguardcellsoutput         =  F
conserveangmom              =  F
converttoconsvdformeshcalls =  F
converttoconsvdinmeshinterp =  T
corners                     =  F
diff_anisocondforele        =  F
diff_doanisomagdiff         =  F
diff_domagdiff              =  F
diff_usecrosscond           =  F
diff_useelecond             =  F
diff_useioncond             =  F
dr_printtsteploc            =  T
dr_shortenlaststepbeforetmax =  F
dr_useposdefcomputedt       =  F
drift_tuples                =  F
eachprocwritesownabortlog   =  F
eachprocwritessummary       =  F
earlyblockdistadjustment    =  T
enablemaskedgcfill          =  T
entropy                     =  F
eos_coulombabort            =  F [CHANGED]
eos_forceconstantinput      =  F
flux_correct                =  T
geometryoverride            =  F
gr_bcenableapplymixedgds    =  T
gr_lrefinemaxbytime         =  F
gr_lrefinemaxreddobylogr    =  F
gr_lrefinemaxreddobytime    =  F
gr_pmrpadvancealllevels     =  F
gr_pmrpamrerrorchecking     =  F
gr_pmrpcartesianpm          =  F
gr_pmrpconserve             =  F
gr_pmrpconsvfluxdensities   =  T
gr_pmrpconsvfluxes          =  F
gr_pmrpcurvilinear          =  F
gr_pmrpcurvilinearconserve  =  F
gr_pmrpcylindricalpm        =  F
gr_pmrpdiagonals            =  T
gr_pmrpedgevalue            =  T
gr_pmrpedgevalueinteg       =  F
gr_pmrpemptycells           =  F
gr_pmrpforceconsistency     =  T
gr_pmrplsingularline        =  F
gr_pmrpnopermanentguardcells =  F
gr_pmrppolarpm              =  F
gr_pmrppredcorr             =  F
gr_pmrpsphericalpm          =  F
gr_pmrptimingmpi            =  F
gr_pmrptimingmpix           =  F
gr_pmrpvardt                =  F
grav_temporal_extrp         =  F
grav_unjunkpden             =  T
hy_fallbacklowercfl         =  F
hy_fullspecmsfluxhandling   =  T
hy_usefluxeqn               =  F
ignoreforcedplot            =  F
initializeparticleatrestart =  F
io_writemscalarintegrals    =  F
mpole_3daxisymmetric        =  F
mpole_dumpmoments           =  F
mpole_usematrixmpi          =  F
octant                      =  F
plotfilegridquantitydp      =  F
plotfilemetadatadp          =  F
quadrant                    =  F
reducegcellfills            =  F
refine_on_particle_count    =  F
res_addanomres              =  F
restart                     =  F
shockdetect                 =  F
shocklowercfl               =  F
summaryoutputonly           =  F
threadblocklistbuild        =  F
threaddriverblocklist       =  F
threaddriverwithinblock     =  F
threadeoswithinblock        =  F
threadhydroblocklist        =  F
threadhydrowithinblock      =  F
threadraytracebuild         =  F
threadwithinblockbuild      =  F
typematchedxfer             =  T
unbiased_geometry           =  F
updategravity               =  T
updatehydrofluxes           =  T
useburn                     =  F
usecircuit                  =  F
usecollectivehdf5           =  T
useconductivity             =  T
usecool                     =  F
usecosmology                =  F
usedeleptonize              =  F
usediffuse                  =  T
usediffusecomputedtspecies  =  T
usediffusecomputedttherm    =  T
usediffusecomputedtvisc     =  T
usediffusecomputedtmagnetic =  T
usediffusespecies           =  T
usediffusetherm             =  T
useenergydeposition         =  F
useexplicitviscosity        =  T
useflame                    =  F
usegravity                  =  T
useheat                     =  F
useheatexchange             =  F
usehydro                    =  T
useincompns                 =  F
useionize                   =  F
uselegacylabels             =  T
usemagneticresistivity      =  F
usemassdiffusivity          =  F
useopacity                  =  F
useparticles                =  F
useplasmastate              =  F
usepolytrope                =  F
useprimordialchemistry      =  F
useprotonemission           =  F
useprotonimaging            =  F
useradtrans                 =  F
useraytrace                 =  F
usests                      =  F
usestsfordiffusion          =  F
usestir                     =  F
usethomsonscattering        =  F
usetreeray                  =  F
useturb                     =  T
useviscosity                =  F
usexrayimaging              =  F
use_3dfullctu               =  T
use_pospreserv              =  F
use_auxeinteqn              =  T
use_avisc                   =  F
use_cma_advection           =  F
use_cma_flattening          =  F
use_flash_surr_blks_fill    =  T
use_flattening              =  F
use_gravhalfupdate          =  T
use_hybridorder             =  F
use_reduced_orrery          =  T
use_steepening              =  F
use_upwindtvd               =  F
writestatsummary            =  T
                                                                               
 ==============================================================================
                                                                               
 Known units of measurement:
                                                                               
              Unit                          CGS Value                Base Unit
  1                  cm                     1.0000                           cm
  2                   s                     1.0000                            s
  3                   g                     1.0000                            g
  4                   K                     1.0000                            K
  5                 esu                     1.0000                          esu
  6                 mol                     1.0000                          mol
  7                   m                     100.00                           cm
  8                  km                    1.00000E+05                       cm
  9                  pc                    3.08568E+18                       cm
 10                 kpc                    3.08568E+21                       cm
 11                 Mpc                    3.08568E+24                       cm
 12                 Gpc                    3.08568E+27                       cm
 13                Rsun                    6.96000E+10                       cm
 14                  AU                    1.49598E+13                       cm
 15                  yr                    3.15569E+07                        s
 16                 Myr                    3.15569E+13                        s
 17                 Gyr                    3.15569E+16                        s
 18                  kg                     1000.0                            g
 19                Msun                    1.98892E+33                        g
 20                 amu                    1.66054E-24                        g
 21             keV/c^2                    1.60218E-09                        g
 22                  eV                     11605.                            K
 23                   C                    2.99792E+09                      esu
 24                LFLY                    3.08568E+24                       cm
 25                TFLY                    2.05759E+17                        s
 26                MFLY                    9.88470E+45                        g
 27            clLength                    3.08568E+24                       cm
 28              clTime                    3.15569E+16                        s
 29              clMass                    1.98892E+48                        g
 30              clTemp                    1.16045E+07                        K
-----------End of Units--------------------
                                                                               
 Known physical constants:
                                                                               
    Constant Name       Constant Value   cm       s        g        K        esu      mol
  1              Newton    6.67408E-08   3.0     -2.0     -1.0      0.0      0.0      0.0    
  2      speed of light    2.99792E+10   1.0     -1.0      0.0      0.0      0.0      0.0    
  3              Planck    6.62607E-27   2.0     -1.0      1.0      0.0      0.0      0.0    
  4     electron charge    4.80320E-10   0.0      0.0      0.0      0.0      1.0      0.0    
  5       electron mass    9.10938E-28   0.0      0.0      1.0      0.0      0.0      0.0    
  6         proton mass    1.67262E-24   0.0      0.0      1.0      0.0      0.0      0.0    
  7      fine-structure    7.29735E-03   0.0      0.0      0.0      0.0      0.0      0.0    
  8            Avogadro    6.02214E+23   0.0      0.0      0.0      0.0      0.0     -1.0    
  9           Boltzmann    1.38065E-16   2.0     -2.0      1.0     -1.0      0.0      0.0    
 10  ideal gas constant    8.31446E+07   2.0     -2.0      1.0     -1.0      0.0     -1.0    
 11                Wien    0.28978       1.0      0.0      0.0      1.0      0.0      0.0    
 12    Stefan-Boltzmann    5.67037E-05   0.0     -3.0      1.0     -4.0      0.0      0.0    
 13  Radiation Constant    7.56572E-15  -1.0     -2.0      1.0     -4.0      0.0      0.0    
 14                  pi     3.1416       0.0      0.0      0.0      0.0      0.0      0.0    
 15                   e     2.7183       0.0      0.0      0.0      0.0      0.0      0.0    
 16               Euler    0.57722       0.0      0.0      0.0      0.0      0.0      0.0    
 ==============================================================================
                                                                               
 Multifluid database contents:
                                                                               
Initially defined values of species:
Name     Index          Total   Positive  Neutral   Negative  bind Ener Gamma   eosType
he4         16       4.00E+00  2.00E+00 -9.99E+02  2.00E+00 -9.99E+02  1.67E+00  -999

Name     Index  OpacityLowTemp  Zmin    Subtype ZFreeTableFile                   EnerTableFile                    PresTableFile
he4         16       0.00E+00 -9.99E+02    -999 -none-                           -none-                           -none-                          

Species Constituents
he4      0 constituents
                                                                               
 ==============================================================================
 [ 07-30-2026  01:03:28.321 ] [gr_initGeometry] checking BCs for idir: 1
 [ 07-30-2026  01:03:28.321 ] [gr_initGeometry] checking BCs for idir: 2
 [ 07-30-2026  01:03:28.321 ] [gr_initGeometry] checking BCs for idir: 3
 WARNING : Adaptive Grid did not find any variable to refine
 [ 07-30-2026  01:03:28.431 ] [GRID amr_refine_derefine]: initiating refinement
 [ 07-30-2026  01:03:28.431 ] [GRID amr_refine_derefine]: redist. phase.  tot blks requested: 512
 [GRID amr_refine_derefine] min blks 64    max blks 64    tot blks 512
 [GRID amr_refine_derefine] min leaf blks 64    max leaf blks 64    tot leaf blks 512
 [ 07-30-2026  01:03:28.433 ] [GRID amr_refine_derefine]: refinement complete
 [ 07-30-2026  01:03:28.440 ] [GRID gr_expandDomain]: iteration=1, create level=1
 [ 07-30-2026  01:03:28.793 ] [Grid_markRefineDerefine]: gcArgs=----------------+Eos
 [ 07-30-2026  01:03:29.086 ] [Grid_fillGuardCells]: gcSet=----------------
 [ 07-30-2026  01:03:29.086 ] [mpi_amr_comm_setup]: buffer_dim_send=8053, buffer_dim_recv=8053
 [ 07-30-2026  01:03:29.094 ] [GRID gr_expandDomain]: iteration=2, create level=1
 [ 07-30-2026  01:03:29.751 ] [GRID gr_expandDomain]: iteration=3, create level=1
 [ 07-30-2026  01:03:30.399 ] [gr_mpoleInit] Potential and Moment subsampling set to: 1
 [ 07-30-2026  01:03:30.399 ] [gr_mpoleInit]: using 223 moment array, 892 items
 [mpole_moments] Using looped mpi_allreduce
 [ 07-30-2026  01:03:30.399 ] memory: /proc vsize    (MiB):      271.54 (min)        271.60 (max)        271.54 (avg)
 [ 07-30-2026  01:03:30.399 ] memory: /proc rss      (MiB):      140.88 (min)        142.06 (max)        141.32 (avg)
 [ 07-30-2026  01:03:30.400 ] memory: /proc vsize    (MiB):      271.54 (min)        271.60 (max)        271.54 (avg)
 [ 07-30-2026  01:03:30.400 ] memory: /proc rss      (MiB):      140.88 (min)        142.06 (max)        141.34 (avg)
 [ 07-30-2026  01:03:30.400 ] [Hydro_init]: gcNeed=d-eefggggpstvvv-
 [ 07-30-2026  01:03:30.400 ] [mpi_amr_comm_setup]: buffer_dim_send=230261, buffer_dim_recv=230261
 [ 07-30-2026  01:03:30.540 ] memory: /proc vsize    (MiB):      271.79 (min)        271.85 (max)        271.80 (avg)
 [ 07-30-2026  01:03:30.540 ] memory: /proc rss      (MiB):      141.25 (min)        142.16 (max)        141.63 (avg)
 [ 07-30-2026  01:03:30.544 ] [IO_writeCheckpoint] open: type=checkpoint name=wd_hdf5_chk_0000
 [ 07-30-2026  01:03:30.584 ] [IO_writeCheckpoint] close: type=checkpoint name=wd_hdf5_chk_0000
 [ 07-30-2026  01:03:30.584 ] [IO_writePlotfile] open: type=plotfile name=wd_hdf5_plt_cnt_0000
 [ 07-30-2026  01:03:30.609 ] [IO_writePlotfile] close: type=plotfile name=wd_hdf5_plt_cnt_0000
 [ 07-30-2026  01:03:30.609 ] memory: /proc vsize    (MiB):      272.21 (min)        274.18 (max)        272.46 (avg)
 [ 07-30-2026  01:03:30.609 ] memory: /proc rss      (MiB):      141.39 (min)        148.24 (max)        142.61 (avg)
 [ 07-30-2026  01:03:30.609 ] [Driver_evolveFlash]: Entering evolution loop
 [ 07-30-2026  01:03:30.609 ] step: n=1 t=0.000000E+00 dt=1.000000E-06
 [ 07-30-2026  01:03:30.621 ] [hy_uhd_unsplit]: gcNeed=d-eefggggpstvvv-+Eos
 [ 07-30-2026  01:03:30.622 ] [Grid_fillGuardCells]: gcSet=d-eefggggpstvvvh+Eos
 [ 07-30-2026  01:03:30.622 ] [mpi_amr_comm_setup]: buffer_dim_send=216373, buffer_dim_recv=216373
 [ 07-30-2026  01:03:31.363 ] [hy_uhd_unsplit]: gcWant[Pot]=--------g-------
 [ 07-30-2026  01:03:31.364 ] [Grid_fillGuardCells]: gcSet[no doEos]=--------g-------+Eos
 [ 07-30-2026  01:03:31.364 ] [mpi_amr_comm_setup]: buffer_dim_send=21941, buffer_dim_recv=21941
 [ 07-30-2026  01:03:31.453 ] step: n=2 t=1.000000E-06 dt=2.000000E-06
 [ 07-30-2026  01:03:31.455 ] [mpi_amr_comm_setup]: buffer_dim_send=216373, buffer_dim_recv=216373
 [ 07-30-2026  01:03:32.176 ] [mpi_amr_comm_setup]: buffer_dim_send=21941, buffer_dim_recv=21941
 [ 07-30-2026  01:03:32.240 ] [mpi_amr_comm_setup]: buffer_dim_send=8053, buffer_dim_recv=8053
 [ 07-30-2026  01:03:32.276 ] step: n=3 t=3.000000E-06 dt=4.000000E-06
 [ 07-30-2026  01:03:32.278 ] [mpi_amr_comm_setup]: buffer_dim_send=216373, buffer_dim_recv=216373
 [ 07-30-2026  01:03:33.004 ] [mpi_amr_comm_setup]: buffer_dim_send=21941, buffer_dim_recv=21941
 [ 07-30-2026  01:03:33.092 ] step: n=4 t=7.000000E-06 dt=8.000000E-06
 [ 07-30-2026  01:03:33.094 ] [mpi_amr_comm_setup]: buffer_dim_send=216373, buffer_dim_recv=216373
 [ 07-30-2026  01:03:33.809 ] [mpi_amr_comm_setup]: buffer_dim_send=21941, buffer_dim_recv=21941
 [ 07-30-2026  01:03:33.873 ] [mpi_amr_comm_setup]: buffer_dim_send=8053, buffer_dim_recv=8053
 [ 07-30-2026  01:03:33.906 ] step: n=5 t=1.500000E-05 dt=1.600000E-05
 [ 07-30-2026  01:03:33.908 ] [mpi_amr_comm_setup]: buffer_dim_send=216373, buffer_dim_recv=216373
 [ 07-30-2026  01:03:34.615 ] [mpi_amr_comm_setup]: buffer_dim_send=21941, buffer_dim_recv=21941
 [ 07-30-2026  01:03:34.707 ] step: n=6 t=3.100000E-05 dt=3.200000E-05
 [ 07-30-2026  01:03:34.709 ] [mpi_amr_comm_setup]: buffer_dim_send=216373, buffer_dim_recv=216373
 [ 07-30-2026  01:03:35.428 ] [mpi_amr_comm_setup]: buffer_dim_send=21941, buffer_dim_recv=21941
 [ 07-30-2026  01:03:35.494 ] [mpi_amr_comm_setup]: buffer_dim_send=8053, buffer_dim_recv=8053
 [ 07-30-2026  01:03:35.530 ] step: n=7 t=6.300000E-05 dt=6.400000E-05
 [ 07-30-2026  01:03:35.532 ] [mpi_amr_comm_setup]: buffer_dim_send=216373, buffer_dim_recv=216373
 [ 07-30-2026  01:03:36.253 ] [mpi_amr_comm_setup]: buffer_dim_send=21941, buffer_dim_recv=21941
 [ 07-30-2026  01:03:36.343 ] step: n=8 t=1.270000E-04 dt=1.280000E-04
 [ 07-30-2026  01:03:36.345 ] [mpi_amr_comm_setup]: buffer_dim_send=216373, buffer_dim_recv=216373
 [ 07-30-2026  01:03:37.071 ] [mpi_amr_comm_setup]: buffer_dim_send=21941, buffer_dim_recv=21941
 [ 07-30-2026  01:03:37.181 ] [mpi_amr_comm_setup]: buffer_dim_send=8053, buffer_dim_recv=8053
 [ 07-30-2026  01:03:37.213 ] step: n=9 t=2.550000E-04 dt=2.560000E-04
 [ 07-30-2026  01:03:37.215 ] [mpi_amr_comm_setup]: buffer_dim_send=216373, buffer_dim_recv=216373
 [ 07-30-2026  01:03:37.933 ] [mpi_amr_comm_setup]: buffer_dim_send=21941, buffer_dim_recv=21941
 [ 07-30-2026  01:03:38.028 ] step: n=10 t=5.110000E-04 dt=5.120000E-04
 [ 07-30-2026  01:03:38.031 ] [mpi_amr_comm_setup]: buffer_dim_send=216373, buffer_dim_recv=216373
 [ 07-30-2026  01:03:38.734 ] [mpi_amr_comm_setup]: buffer_dim_send=21941, buffer_dim_recv=21941
 [ 07-30-2026  01:03:38.804 ] [mpi_amr_comm_setup]: buffer_dim_send=8053, buffer_dim_recv=8053
 [ 07-30-2026  01:03:38.840 ] step: n=11 t=1.023000E-03 dt=1.024000E-03
 [ 07-30-2026  01:03:38.842 ] [mpi_amr_comm_setup]: buffer_dim_send=216373, buffer_dim_recv=216373
 [ 07-30-2026  01:03:39.552 ] [mpi_amr_comm_setup]: buffer_dim_send=21941, buffer_dim_recv=21941
 [ 07-30-2026  01:03:39.647 ] step: n=12 t=2.047000E-03 dt=2.048000E-03
 [ 07-30-2026  01:03:39.649 ] [mpi_amr_comm_setup]: buffer_dim_send=216373, buffer_dim_recv=216373
 [ 07-30-2026  01:03:40.387 ] [mpi_amr_comm_setup]: buffer_dim_send=21941, buffer_dim_recv=21941
 [ 07-30-2026  01:03:40.456 ] [mpi_amr_comm_setup]: buffer_dim_send=8053, buffer_dim_recv=8053
 [ 07-30-2026  01:03:40.488 ] step: n=13 t=4.095000E-03 dt=4.096000E-03
 [ 07-30-2026  01:03:40.490 ] [mpi_amr_comm_setup]: buffer_dim_send=216373, buffer_dim_recv=216373
 [ 07-30-2026  01:03:41.213 ] [mpi_amr_comm_setup]: buffer_dim_send=21941, buffer_dim_recv=21941
 [ 07-30-2026  01:03:41.311 ] step: n=14 t=8.191000E-03 dt=8.192000E-03
 [ 07-30-2026  01:03:41.313 ] [mpi_amr_comm_setup]: buffer_dim_send=216373, buffer_dim_recv=216373
 [ 07-30-2026  01:03:42.045 ] [mpi_amr_comm_setup]: buffer_dim_send=21941, buffer_dim_recv=21941
 [ 07-30-2026  01:03:42.123 ] [mpi_amr_comm_setup]: buffer_dim_send=8053, buffer_dim_recv=8053
 [ 07-30-2026  01:03:42.159 ] step: n=15 t=1.638300E-02 dt=5.834757E-03
 [ 07-30-2026  01:03:42.160 ] [mpi_amr_comm_setup]: buffer_dim_send=216373, buffer_dim_recv=216373
 [ 07-30-2026  01:03:42.878 ] [mpi_amr_comm_setup]: buffer_dim_send=21941, buffer_dim_recv=21941
 [ 07-30-2026  01:03:42.955 ] [IO_writePlotfile] open: type=plotfile name=wd_hdf5_plt_cnt_0001
 [ 07-30-2026  01:03:42.980 ] [IO_writePlotfile] close: type=plotfile name=wd_hdf5_plt_cnt_0001
 [ 07-30-2026  01:03:43.004 ] step: n=16 t=2.221776E-02 dt=9.461133E-03
 [ 07-30-2026  01:03:43.006 ] [mpi_amr_comm_setup]: buffer_dim_send=216373, buffer_dim_recv=216373
 [ 07-30-2026  01:03:43.711 ] [mpi_amr_comm_setup]: buffer_dim_send=21941, buffer_dim_recv=21941
 [ 07-30-2026  01:03:43.794 ] [mpi_amr_comm_setup]: buffer_dim_send=8053, buffer_dim_recv=8053
 [ 07-30-2026  01:03:43.827 ] step: n=17 t=3.167889E-02 dt=2.216335E-03
 [ 07-30-2026  01:03:43.829 ] [mpi_amr_comm_setup]: buffer_dim_send=216373, buffer_dim_recv=216373
 [ 07-30-2026  01:03:44.550 ] [mpi_amr_comm_setup]: buffer_dim_send=21941, buffer_dim_recv=21941
 [ 07-30-2026  01:03:44.706 ] step: n=18 t=3.389523E-02 dt=4.432670E-03
 [ 07-30-2026  01:03:44.708 ] [mpi_amr_comm_setup]: buffer_dim_send=216373, buffer_dim_recv=216373
 [ 07-30-2026  01:03:45.428 ] [mpi_amr_comm_setup]: buffer_dim_send=21941, buffer_dim_recv=21941
 [ 07-30-2026  01:03:45.559 ] [mpi_amr_comm_setup]: buffer_dim_send=8053, buffer_dim_recv=8053
 [ 07-30-2026  01:03:45.592 ] step: n=19 t=3.832789E-02 dt=5.351218E-03
 [ 07-30-2026  01:03:45.594 ] [mpi_amr_comm_setup]: buffer_dim_send=216373, buffer_dim_recv=216373
 [ 07-30-2026  01:03:46.317 ] [mpi_amr_comm_setup]: buffer_dim_send=21941, buffer_dim_recv=21941
 [ 07-30-2026  01:03:46.394 ] [IO_writePlotfile] open: type=plotfile name=wd_hdf5_plt_cnt_0002
 [ 07-30-2026  01:03:46.418 ] [IO_writePlotfile] close: type=plotfile name=wd_hdf5_plt_cnt_0002
 [ 07-30-2026  01:03:46.442 ] step: n=20 t=4.367911E-02 dt=4.813331E-03
 [ 07-30-2026  01:03:46.444 ] [mpi_amr_comm_setup]: buffer_dim_send=216373, buffer_dim_recv=216373
 [ 07-30-2026  01:03:47.171 ] [mpi_amr_comm_setup]: buffer_dim_send=21941, buffer_dim_recv=21941
 [ 07-30-2026  01:03:47.245 ] [mpi_amr_comm_setup]: buffer_dim_send=8053, buffer_dim_recv=8053
 [ 07-30-2026  01:03:47.281 ] step: n=21 t=4.849244E-02 dt=5.102814E-03
 [ 07-30-2026  01:03:47.283 ] [mpi_amr_comm_setup]: buffer_dim_send=216373, buffer_dim_recv=216373
 [ 07-30-2026  01:03:48.015 ] [mpi_amr_comm_setup]: buffer_dim_send=21941, buffer_dim_recv=21941
 [ 07-30-2026  01:03:48.115 ] step: n=22 t=5.359526E-02 dt=4.321655E-03
 [ 07-30-2026  01:03:48.117 ] [mpi_amr_comm_setup]: buffer_dim_send=216373, buffer_dim_recv=216373
 [ 07-30-2026  01:03:48.842 ] [mpi_amr_comm_setup]: buffer_dim_send=21941, buffer_dim_recv=21941
 [ 07-30-2026  01:03:48.918 ] [mpi_amr_comm_setup]: buffer_dim_send=8053, buffer_dim_recv=8053
 [ 07-30-2026  01:03:48.955 ] step: n=23 t=5.791691E-02 dt=8.643309E-03
 [ 07-30-2026  01:03:48.957 ] [mpi_amr_comm_setup]: buffer_dim_send=216373, buffer_dim_recv=216373
 [ 07-30-2026  01:03:49.669 ] [mpi_amr_comm_setup]: buffer_dim_send=21941, buffer_dim_recv=21941
 [ 07-30-2026  01:03:49.748 ] [IO_writePlotfile] open: type=plotfile name=wd_hdf5_plt_cnt_0003
 [ 07-30-2026  01:03:49.772 ] [IO_writePlotfile] close: type=plotfile name=wd_hdf5_plt_cnt_0003
 [ 07-30-2026  01:03:49.797 ] step: n=24 t=6.656022E-02 dt=6.170749E-03
 [ 07-30-2026  01:03:49.800 ] [mpi_amr_comm_setup]: buffer_dim_send=216373, buffer_dim_recv=216373
 [ 07-30-2026  01:03:50.521 ] [mpi_amr_comm_setup]: buffer_dim_send=21941, buffer_dim_recv=21941
 [ 07-30-2026  01:03:50.598 ] [mpi_amr_comm_setup]: buffer_dim_send=8053, buffer_dim_recv=8053
 [ 07-30-2026  01:03:50.631 ] step: n=25 t=7.273097E-02 dt=8.611897E-03
 [ 07-30-2026  01:03:50.633 ] [mpi_amr_comm_setup]: buffer_dim_send=216373, buffer_dim_recv=216373
 [ 07-30-2026  01:03:51.361 ] [mpi_amr_comm_setup]: buffer_dim_send=21941, buffer_dim_recv=21941
 [ 07-30-2026  01:03:51.440 ] [IO_writePlotfile] open: type=plotfile name=wd_hdf5_plt_cnt_0004
 [ 07-30-2026  01:03:51.466 ] [IO_writePlotfile] close: type=plotfile name=wd_hdf5_plt_cnt_0004
 [ 07-30-2026  01:03:51.490 ] step: n=26 t=8.134287E-02 dt=8.259209E-03
 [ 07-30-2026  01:03:51.492 ] [mpi_amr_comm_setup]: buffer_dim_send=216373, buffer_dim_recv=216373
 [ 07-30-2026  01:03:52.218 ] [mpi_amr_comm_setup]: buffer_dim_send=21941, buffer_dim_recv=21941
 [ 07-30-2026  01:03:52.297 ] [mpi_amr_comm_setup]: buffer_dim_send=8053, buffer_dim_recv=8053
 [ 07-30-2026  01:03:52.331 ] step: n=27 t=8.960208E-02 dt=9.187582E-03
 [ 07-30-2026  01:03:52.333 ] [mpi_amr_comm_setup]: buffer_dim_send=216373, buffer_dim_recv=216373
 [ 07-30-2026  01:03:53.080 ] [mpi_amr_comm_setup]: buffer_dim_send=21941, buffer_dim_recv=21941
 [ 07-30-2026  01:03:53.183 ] step: n=28 t=9.878966E-02 dt=9.475762E-03
 [ 07-30-2026  01:03:53.184 ] [mpi_amr_comm_setup]: buffer_dim_send=216373, buffer_dim_recv=216373
 [ 07-30-2026  01:03:53.907 ] [mpi_amr_comm_setup]: buffer_dim_send=21941, buffer_dim_recv=21941
 [ 07-30-2026  01:03:53.987 ] [IO_writePlotfile] open: type=plotfile name=wd_hdf5_plt_cnt_0005
 [ 07-30-2026  01:03:54.011 ] [IO_writePlotfile] close: type=plotfile name=wd_hdf5_plt_cnt_0005
 [ 07-30-2026  01:03:54.011 ] [mpi_amr_comm_setup]: buffer_dim_send=8053, buffer_dim_recv=8053
 [ 07-30-2026  01:03:54.044 ] step: n=29 t=1.082654E-01 dt=9.476799E-03
 [ 07-30-2026  01:03:54.047 ] [mpi_amr_comm_setup]: buffer_dim_send=216373, buffer_dim_recv=216373
 [ 07-30-2026  01:03:54.810 ] [mpi_amr_comm_setup]: buffer_dim_send=21941, buffer_dim_recv=21941
 [ 07-30-2026  01:03:54.973 ] step: n=30 t=1.177422E-01 dt=9.476200E-03
 [ 07-30-2026  01:03:54.975 ] [mpi_amr_comm_setup]: buffer_dim_send=216373, buffer_dim_recv=216373
 [ 07-30-2026  01:03:55.686 ] [mpi_amr_comm_setup]: buffer_dim_send=21941, buffer_dim_recv=21941
 [ 07-30-2026  01:03:55.766 ] [IO_writePlotfile] open: type=plotfile name=wd_hdf5_plt_cnt_0006
 [ 07-30-2026  01:03:55.790 ] [IO_writePlotfile] close: type=plotfile name=wd_hdf5_plt_cnt_0006
 [ 07-30-2026  01:03:55.790 ] [mpi_amr_comm_setup]: buffer_dim_send=8053, buffer_dim_recv=8053
 [ 07-30-2026  01:03:55.823 ] step: n=31 t=1.272184E-01 dt=9.475565E-03
 [ 07-30-2026  01:03:55.826 ] [mpi_amr_comm_setup]: buffer_dim_send=216373, buffer_dim_recv=216373
 [ 07-30-2026  01:03:56.545 ] [mpi_amr_comm_setup]: buffer_dim_send=21941, buffer_dim_recv=21941
 [ 07-30-2026  01:03:56.651 ] step: n=32 t=1.366940E-01 dt=9.475378E-03
 [ 07-30-2026  01:03:56.653 ] [mpi_amr_comm_setup]: buffer_dim_send=216373, buffer_dim_recv=216373
 [ 07-30-2026  01:03:57.468 ] [mpi_amr_comm_setup]: buffer_dim_send=21941, buffer_dim_recv=21941
 [ 07-30-2026  01:03:57.566 ] [IO_writePlotfile] open: type=plotfile name=wd_hdf5_plt_cnt_0007
 [ 07-30-2026  01:03:57.598 ] [IO_writePlotfile] close: type=plotfile name=wd_hdf5_plt_cnt_0007
 [ 07-30-2026  01:03:57.598 ] [mpi_amr_comm_setup]: buffer_dim_send=8053, buffer_dim_recv=8053
 [ 07-30-2026  01:03:57.638 ] step: n=33 t=1.461694E-01 dt=7.898751E-03
 [ 07-30-2026  01:03:57.640 ] [mpi_amr_comm_setup]: buffer_dim_send=216373, buffer_dim_recv=216373
 [ 07-30-2026  01:03:58.536 ] [mpi_amr_comm_setup]: buffer_dim_send=21941, buffer_dim_recv=21941
 [ 07-30-2026  01:03:58.663 ] step: n=34 t=1.540681E-01 dt=9.472037E-03
 [ 07-30-2026  01:03:58.667 ] [mpi_amr_comm_setup]: buffer_dim_send=216373, buffer_dim_recv=216373
 [ 07-30-2026  01:03:59.411 ] [mpi_amr_comm_setup]: buffer_dim_send=21941, buffer_dim_recv=21941
 [ 07-30-2026  01:03:59.549 ] [IO_writePlotfile] open: type=plotfile name=wd_hdf5_plt_cnt_0008
 [ 07-30-2026  01:03:59.579 ] [IO_writePlotfile] close: type=plotfile name=wd_hdf5_plt_cnt_0008
 [ 07-30-2026  01:03:59.579 ] [mpi_amr_comm_setup]: buffer_dim_send=8053, buffer_dim_recv=8053
 [ 07-30-2026  01:03:59.613 ] step: n=35 t=1.635401E-01 dt=9.478003E-03
 [ 07-30-2026  01:03:59.616 ] [mpi_amr_comm_setup]: buffer_dim_send=216373, buffer_dim_recv=216373
 [ 07-30-2026  01:04:00.346 ] [mpi_amr_comm_setup]: buffer_dim_send=21941, buffer_dim_recv=21941
 [ 07-30-2026  01:04:00.509 ] step: n=36 t=1.730182E-01 dt=3.501854E-03
 [ 07-30-2026  01:04:00.511 ] [mpi_amr_comm_setup]: buffer_dim_send=216373, buffer_dim_recv=216373
 [ 07-30-2026  01:04:01.238 ] [mpi_amr_comm_setup]: buffer_dim_send=21941, buffer_dim_recv=21941
 [ 07-30-2026  01:04:01.313 ] [mpi_amr_comm_setup]: buffer_dim_send=8053, buffer_dim_recv=8053
 [ 07-30-2026  01:04:01.347 ] step: n=37 t=1.765200E-01 dt=7.003708E-03
 [ 07-30-2026  01:04:01.349 ] [mpi_amr_comm_setup]: buffer_dim_send=216373, buffer_dim_recv=216373
 [ 07-30-2026  01:04:02.082 ] [mpi_amr_comm_setup]: buffer_dim_send=21941, buffer_dim_recv=21941
 [ 07-30-2026  01:04:02.159 ] [IO_writePlotfile] open: type=plotfile name=wd_hdf5_plt_cnt_0009
 [ 07-30-2026  01:04:02.186 ] [IO_writePlotfile] close: type=plotfile name=wd_hdf5_plt_cnt_0009
 [ 07-30-2026  01:04:02.211 ] step: n=38 t=1.835237E-01 dt=9.475733E-03
 [ 07-30-2026  01:04:02.214 ] [mpi_amr_comm_setup]: buffer_dim_send=216373, buffer_dim_recv=216373
 [ 07-30-2026  01:04:02.943 ] [mpi_amr_comm_setup]: buffer_dim_send=21941, buffer_dim_recv=21941
 [ 07-30-2026  01:04:03.080 ] [mpi_amr_comm_setup]: buffer_dim_send=8053, buffer_dim_recv=8053
 [ 07-30-2026  01:04:03.113 ] step: n=39 t=1.929994E-01 dt=9.487996E-03
 [ 07-30-2026  01:04:03.115 ] [mpi_amr_comm_setup]: buffer_dim_send=216373, buffer_dim_recv=216373
 [ 07-30-2026  01:04:03.826 ] [mpi_amr_comm_setup]: buffer_dim_send=21941, buffer_dim_recv=21941
 [ 07-30-2026  01:04:03.906 ] [IO_writePlotfile] open: type=plotfile name=wd_hdf5_plt_cnt_0010
 [ 07-30-2026  01:04:03.936 ] [IO_writePlotfile] close: type=plotfile name=wd_hdf5_plt_cnt_0010
 [ 07-30-2026  01:04:03.961 ] step: n=40 t=2.024874E-01 dt=9.023600E-03
 [ 07-30-2026  01:04:03.963 ] [mpi_amr_comm_setup]: buffer_dim_send=216373, buffer_dim_recv=216373
 [ 07-30-2026  01:04:04.675 ] [mpi_amr_comm_setup]: buffer_dim_send=21941, buffer_dim_recv=21941
 [ 07-30-2026  01:04:04.756 ] [mpi_amr_comm_setup]: buffer_dim_send=8053, buffer_dim_recv=8053
 [ 07-30-2026  01:04:04.790 ] step: n=41 t=2.115110E-01 dt=9.493394E-03
 [ 07-30-2026  01:04:04.792 ] [mpi_amr_comm_setup]: buffer_dim_send=216373, buffer_dim_recv=216373
 [ 07-30-2026  01:04:05.514 ] [mpi_amr_comm_setup]: buffer_dim_send=21941, buffer_dim_recv=21941
 [ 07-30-2026  01:04:05.595 ] [IO_writePlotfile] open: type=plotfile name=wd_hdf5_plt_cnt_0011
 [ 07-30-2026  01:04:05.625 ] [IO_writePlotfile] close: type=plotfile name=wd_hdf5_plt_cnt_0011
 [ 07-30-2026  01:04:05.650 ] step: n=42 t=2.210044E-01 dt=9.496766E-03
 [ 07-30-2026  01:04:05.652 ] [mpi_amr_comm_setup]: buffer_dim_send=216373, buffer_dim_recv=216373
 [ 07-30-2026  01:04:06.376 ] [mpi_amr_comm_setup]: buffer_dim_send=21941, buffer_dim_recv=21941
 [ 07-30-2026  01:04:06.455 ] [mpi_amr_comm_setup]: buffer_dim_send=8053, buffer_dim_recv=8053
 [ 07-30-2026  01:04:06.490 ] step: n=43 t=2.305012E-01 dt=9.498900E-03
 [ 07-30-2026  01:04:06.492 ] [mpi_amr_comm_setup]: buffer_dim_send=216373, buffer_dim_recv=216373
 [ 07-30-2026  01:04:07.221 ] [mpi_amr_comm_setup]: buffer_dim_send=21941, buffer_dim_recv=21941
 [ 07-30-2026  01:04:07.300 ] [IO_writePlotfile] open: type=plotfile name=wd_hdf5_plt_cnt_0012
 [ 07-30-2026  01:04:07.324 ] [IO_writePlotfile] close: type=plotfile name=wd_hdf5_plt_cnt_0012
 [ 07-30-2026  01:04:07.349 ] step: n=44 t=2.400001E-01 dt=9.500826E-03
 [ 07-30-2026  01:04:07.351 ] [mpi_amr_comm_setup]: buffer_dim_send=216373, buffer_dim_recv=216373
 [ 07-30-2026  01:04:08.080 ] [mpi_amr_comm_setup]: buffer_dim_send=21941, buffer_dim_recv=21941
 [ 07-30-2026  01:04:08.158 ] [mpi_amr_comm_setup]: buffer_dim_send=8053, buffer_dim_recv=8053
 [ 07-30-2026  01:04:08.191 ] step: n=45 t=2.495009E-01 dt=9.502834E-03
 [ 07-30-2026  01:04:08.192 ] [mpi_amr_comm_setup]: buffer_dim_send=216373, buffer_dim_recv=216373
 [ 07-30-2026  01:04:08.923 ] [mpi_amr_comm_setup]: buffer_dim_send=21941, buffer_dim_recv=21941
 [ 07-30-2026  01:04:09.028 ] step: n=46 t=2.590038E-01 dt=9.505052E-03
 [ 07-30-2026  01:04:09.029 ] [mpi_amr_comm_setup]: buffer_dim_send=216373, buffer_dim_recv=216373
 [ 07-30-2026  01:04:09.749 ] [mpi_amr_comm_setup]: buffer_dim_send=21941, buffer_dim_recv=21941
 [ 07-30-2026  01:04:09.829 ] [IO_writePlotfile] open: type=plotfile name=wd_hdf5_plt_cnt_0013
 [ 07-30-2026  01:04:09.855 ] [IO_writePlotfile] close: type=plotfile name=wd_hdf5_plt_cnt_0013
 [ 07-30-2026  01:04:09.855 ] [mpi_amr_comm_setup]: buffer_dim_send=8053, buffer_dim_recv=8053
 [ 07-30-2026  01:04:09.888 ] step: n=47 t=2.685088E-01 dt=9.507519E-03
 [ 07-30-2026  01:04:09.890 ] [mpi_amr_comm_setup]: buffer_dim_send=216373, buffer_dim_recv=216373
 [ 07-30-2026  01:04:10.601 ] [mpi_amr_comm_setup]: buffer_dim_send=21941, buffer_dim_recv=21941
 [ 07-30-2026  01:04:10.706 ] step: n=48 t=2.780163E-01 dt=9.510225E-03
 [ 07-30-2026  01:04:10.708 ] [mpi_amr_comm_setup]: buffer_dim_send=216373, buffer_dim_recv=216373
 [ 07-30-2026  01:04:11.434 ] [mpi_amr_comm_setup]: buffer_dim_send=21941, buffer_dim_recv=21941
 [ 07-30-2026  01:04:11.572 ] [IO_writePlotfile] open: type=plotfile name=wd_hdf5_plt_cnt_0014
 [ 07-30-2026  01:04:11.598 ] [IO_writePlotfile] close: type=plotfile name=wd_hdf5_plt_cnt_0014
 [ 07-30-2026  01:04:11.598 ] [mpi_amr_comm_setup]: buffer_dim_send=8053, buffer_dim_recv=8053
 [ 07-30-2026  01:04:11.631 ] step: n=49 t=2.875266E-01 dt=9.513136E-03
 [ 07-30-2026  01:04:11.633 ] [mpi_amr_comm_setup]: buffer_dim_send=216373, buffer_dim_recv=216373
 [ 07-30-2026  01:04:12.361 ] [mpi_amr_comm_setup]: buffer_dim_send=21941, buffer_dim_recv=21941
 [ 07-30-2026  01:04:12.466 ] step: n=50 t=2.970397E-01 dt=9.516210E-03
 [ 07-30-2026  01:04:12.468 ] [mpi_amr_comm_setup]: buffer_dim_send=216373, buffer_dim_recv=216373
 [ 07-30-2026  01:04:13.201 ] [mpi_amr_comm_setup]: buffer_dim_send=21941, buffer_dim_recv=21941
 [ 07-30-2026  01:04:13.338 ] [IO_writePlotfile] open: type=plotfile name=wd_hdf5_plt_cnt_0015
 [ 07-30-2026  01:04:13.363 ] [IO_writePlotfile] close: type=plotfile name=wd_hdf5_plt_cnt_0015
 [ 07-30-2026  01:04:13.363 ] [mpi_amr_comm_setup]: buffer_dim_send=8053, buffer_dim_recv=8053
 [ 07-30-2026  01:04:13.400 ] step: n=51 t=3.065559E-01 dt=9.519407E-03
 [ 07-30-2026  01:04:13.402 ] [mpi_amr_comm_setup]: buffer_dim_send=216373, buffer_dim_recv=216373
 [ 07-30-2026  01:04:14.130 ] [mpi_amr_comm_setup]: buffer_dim_send=21941, buffer_dim_recv=21941
 [ 07-30-2026  01:04:14.289 ] step: n=52 t=3.160753E-01 dt=9.522697E-03
 [ 07-30-2026  01:04:14.291 ] [mpi_amr_comm_setup]: buffer_dim_send=216373, buffer_dim_recv=216373
 [ 07-30-2026  01:04:15.023 ] [mpi_amr_comm_setup]: buffer_dim_send=21941, buffer_dim_recv=21941
 [ 07-30-2026  01:04:15.160 ] [IO_writePlotfile] open: type=plotfile name=wd_hdf5_plt_cnt_0016
 [ 07-30-2026  01:04:15.182 ] [IO_writePlotfile] close: type=plotfile name=wd_hdf5_plt_cnt_0016
 [ 07-30-2026  01:04:15.182 ] [mpi_amr_comm_setup]: buffer_dim_send=8053, buffer_dim_recv=8053
 [ 07-30-2026  01:04:15.215 ] step: n=53 t=3.255980E-01 dt=9.526062E-03
 [ 07-30-2026  01:04:15.217 ] [mpi_amr_comm_setup]: buffer_dim_send=216373, buffer_dim_recv=216373
 [ 07-30-2026  01:04:15.954 ] [mpi_amr_comm_setup]: buffer_dim_send=21941, buffer_dim_recv=21941
 [ 07-30-2026  01:04:16.058 ] step: n=54 t=3.351241E-01 dt=9.529495E-03
 [ 07-30-2026  01:04:16.060 ] [mpi_amr_comm_setup]: buffer_dim_send=216373, buffer_dim_recv=216373
 [ 07-30-2026  01:04:16.777 ] [mpi_amr_comm_setup]: buffer_dim_send=21941, buffer_dim_recv=21941
 [ 07-30-2026  01:04:16.916 ] [IO_writePlotfile] open: type=plotfile name=wd_hdf5_plt_cnt_0017
 [ 07-30-2026  01:04:16.941 ] [IO_writePlotfile] close: type=plotfile name=wd_hdf5_plt_cnt_0017
 [ 07-30-2026  01:04:16.941 ] [mpi_amr_comm_setup]: buffer_dim_send=8053, buffer_dim_recv=8053
 [ 07-30-2026  01:04:16.974 ] step: n=55 t=3.446536E-01 dt=9.532994E-03
 [ 07-30-2026  01:04:16.976 ] [mpi_amr_comm_setup]: buffer_dim_send=216373, buffer_dim_recv=216373
 [ 07-30-2026  01:04:17.687 ] [mpi_amr_comm_setup]: buffer_dim_send=21941, buffer_dim_recv=21941
 [ 07-30-2026  01:04:17.791 ] step: n=56 t=3.541866E-01 dt=9.536560E-03
 [ 07-30-2026  01:04:17.793 ] [mpi_amr_comm_setup]: buffer_dim_send=216373, buffer_dim_recv=216373
 [ 07-30-2026  01:04:18.510 ] [mpi_amr_comm_setup]: buffer_dim_send=21941, buffer_dim_recv=21941
 [ 07-30-2026  01:04:18.591 ] [IO_writePlotfile] open: type=plotfile name=wd_hdf5_plt_cnt_0018
 [ 07-30-2026  01:04:18.616 ] [IO_writePlotfile] close: type=plotfile name=wd_hdf5_plt_cnt_0018
 [ 07-30-2026  01:04:18.616 ] [mpi_amr_comm_setup]: buffer_dim_send=8053, buffer_dim_recv=8053
 [ 07-30-2026  01:04:18.650 ] step: n=57 t=3.637231E-01 dt=9.540194E-03
 [ 07-30-2026  01:04:18.652 ] [mpi_amr_comm_setup]: buffer_dim_send=216373, buffer_dim_recv=216373
 [ 07-30-2026  01:04:19.381 ] [mpi_amr_comm_setup]: buffer_dim_send=21941, buffer_dim_recv=21941
 [ 07-30-2026  01:04:19.487 ] step: n=58 t=3.732633E-01 dt=9.543894E-03
 [ 07-30-2026  01:04:19.489 ] [mpi_amr_comm_setup]: buffer_dim_send=216373, buffer_dim_recv=216373
 [ 07-30-2026  01:04:20.216 ] [mpi_amr_comm_setup]: buffer_dim_send=21941, buffer_dim_recv=21941
 [ 07-30-2026  01:04:20.296 ] [IO_writePlotfile] open: type=plotfile name=wd_hdf5_plt_cnt_0019
 [ 07-30-2026  01:04:20.324 ] [IO_writePlotfile] close: type=plotfile name=wd_hdf5_plt_cnt_0019
 [ 07-30-2026  01:04:20.325 ] [mpi_amr_comm_setup]: buffer_dim_send=8053, buffer_dim_recv=8053
 [ 07-30-2026  01:04:20.358 ] step: n=59 t=3.828072E-01 dt=9.547659E-03
 [ 07-30-2026  01:04:20.361 ] [mpi_amr_comm_setup]: buffer_dim_send=216373, buffer_dim_recv=216373
 [ 07-30-2026  01:04:21.084 ] [mpi_amr_comm_setup]: buffer_dim_send=21941, buffer_dim_recv=21941
 [ 07-30-2026  01:04:21.187 ] step: n=60 t=3.923549E-01 dt=9.551485E-03
 [ 07-30-2026  01:04:21.189 ] [mpi_amr_comm_setup]: buffer_dim_send=216373, buffer_dim_recv=216373
 [ 07-30-2026  01:04:21.915 ] [mpi_amr_comm_setup]: buffer_dim_send=21941, buffer_dim_recv=21941
 [ 07-30-2026  01:04:21.996 ] [IO_writePlotfile] open: type=plotfile name=wd_hdf5_plt_cnt_0020
 [ 07-30-2026  01:04:22.020 ] [IO_writePlotfile] close: type=plotfile name=wd_hdf5_plt_cnt_0020
 [ 07-30-2026  01:04:22.020 ] [mpi_amr_comm_setup]: buffer_dim_send=8053, buffer_dim_recv=8053
 [ 07-30-2026  01:04:22.057 ] step: n=61 t=4.019064E-01 dt=4.976589E-03
 [ 07-30-2026  01:04:22.059 ] [mpi_amr_comm_setup]: buffer_dim_send=216373, buffer_dim_recv=216373
 [ 07-30-2026  01:04:22.778 ] [mpi_amr_comm_setup]: buffer_dim_send=21941, buffer_dim_recv=21941
 [ 07-30-2026  01:04:22.880 ] step: n=62 t=4.068829E-01 dt=9.549264E-03
 [ 07-30-2026  01:04:22.882 ] [mpi_amr_comm_setup]: buffer_dim_send=216373, buffer_dim_recv=216373
 [ 07-30-2026  01:04:23.601 ] [mpi_amr_comm_setup]: buffer_dim_send=21941, buffer_dim_recv=21941
 [ 07-30-2026  01:04:23.681 ] [mpi_amr_comm_setup]: buffer_dim_send=8053, buffer_dim_recv=8053
 [ 07-30-2026  01:04:23.714 ] step: n=63 t=4.164322E-01 dt=3.132517E-03
 [ 07-30-2026  01:04:23.716 ] [mpi_amr_comm_setup]: buffer_dim_send=216373, buffer_dim_recv=216373
 [ 07-30-2026  01:04:24.435 ] [mpi_amr_comm_setup]: buffer_dim_send=21941, buffer_dim_recv=21941
 [ 07-30-2026  01:04:24.535 ] step: n=64 t=4.195647E-01 dt=6.265034E-03
 [ 07-30-2026  01:04:24.537 ] [mpi_amr_comm_setup]: buffer_dim_send=216373, buffer_dim_recv=216373
 [ 07-30-2026  01:04:25.257 ] [mpi_amr_comm_setup]: buffer_dim_send=21941, buffer_dim_recv=21941
 [ 07-30-2026  01:04:25.335 ] [IO_writePlotfile] open: type=plotfile name=wd_hdf5_plt_cnt_0021
 [ 07-30-2026  01:04:25.359 ] [IO_writePlotfile] close: type=plotfile name=wd_hdf5_plt_cnt_0021
 [ 07-30-2026  01:04:25.359 ] [mpi_amr_comm_setup]: buffer_dim_send=8053, buffer_dim_recv=8053
 [ 07-30-2026  01:04:25.392 ] step: n=65 t=4.258298E-01 dt=9.558376E-03
 [ 07-30-2026  01:04:25.394 ] [mpi_amr_comm_setup]: buffer_dim_send=216373, buffer_dim_recv=216373
 [ 07-30-2026  01:04:26.118 ] [mpi_amr_comm_setup]: buffer_dim_send=21941, buffer_dim_recv=21941
 [ 07-30-2026  01:04:26.220 ] step: n=66 t=4.353881E-01 dt=4.567851E-03
 [ 07-30-2026  01:04:26.222 ] [mpi_amr_comm_setup]: buffer_dim_send=216373, buffer_dim_recv=216373
 [ 07-30-2026  01:04:26.929 ] [mpi_amr_comm_setup]: buffer_dim_send=21941, buffer_dim_recv=21941
 [ 07-30-2026  01:04:27.007 ] [mpi_amr_comm_setup]: buffer_dim_send=8053, buffer_dim_recv=8053
 [ 07-30-2026  01:04:27.041 ] step: n=67 t=4.399560E-01 dt=9.135703E-03
 [ 07-30-2026  01:04:27.043 ] [mpi_amr_comm_setup]: buffer_dim_send=216373, buffer_dim_recv=216373
 [ 07-30-2026  01:04:27.756 ] [mpi_amr_comm_setup]: buffer_dim_send=21941, buffer_dim_recv=21941
 [ 07-30-2026  01:04:27.836 ] [IO_writePlotfile] open: type=plotfile name=wd_hdf5_plt_cnt_0022
 [ 07-30-2026  01:04:27.867 ] [IO_writePlotfile] close: type=plotfile name=wd_hdf5_plt_cnt_0022
 [ 07-30-2026  01:04:27.892 ] step: n=68 t=4.490917E-01 dt=2.750853E-03
 [ 07-30-2026  01:04:27.894 ] [mpi_amr_comm_setup]: buffer_dim_send=216373, buffer_dim_recv=216373
 [ 07-30-2026  01:04:28.623 ] [mpi_amr_comm_setup]: buffer_dim_send=21941, buffer_dim_recv=21941
 [ 07-30-2026  01:04:28.699 ] [mpi_amr_comm_setup]: buffer_dim_send=8053, buffer_dim_recv=8053
 [ 07-30-2026  01:04:28.733 ] step: n=69 t=4.518425E-01 dt=5.501705E-03
 [ 07-30-2026  01:04:28.735 ] [mpi_amr_comm_setup]: buffer_dim_send=216373, buffer_dim_recv=216373
 [ 07-30-2026  01:04:29.456 ] [mpi_amr_comm_setup]: buffer_dim_send=21941, buffer_dim_recv=21941
 [ 07-30-2026  01:04:29.558 ] step: n=70 t=4.573442E-01 dt=9.577987E-03
 [ 07-30-2026  01:04:29.560 ] [mpi_amr_comm_setup]: buffer_dim_send=216373, buffer_dim_recv=216373
 [ 07-30-2026  01:04:30.288 ] [mpi_amr_comm_setup]: buffer_dim_send=21941, buffer_dim_recv=21941
 [ 07-30-2026  01:04:30.369 ] [IO_writePlotfile] open: type=plotfile name=wd_hdf5_plt_cnt_0023
 [ 07-30-2026  01:04:30.399 ] [IO_writePlotfile] close: type=plotfile name=wd_hdf5_plt_cnt_0023
 [ 07-30-2026  01:04:30.399 ] [mpi_amr_comm_setup]: buffer_dim_send=8053, buffer_dim_recv=8053
 [ 07-30-2026  01:04:30.433 ] step: n=71 t=4.669222E-01 dt=3.509956E-06
 [ 07-30-2026  01:04:30.435 ] [mpi_amr_comm_setup]: buffer_dim_send=216373, buffer_dim_recv=216373
 [ 07-30-2026  01:04:31.164 ] [mpi_amr_comm_setup]: buffer_dim_send=21941, buffer_dim_recv=21941
 [ 07-30-2026  01:04:31.255 ] step: n=72 t=4.669257E-01 dt=5.432382E-06
 [ 07-30-2026  01:04:31.257 ] [mpi_amr_comm_setup]: buffer_dim_send=216373, buffer_dim_recv=216373
 [ 07-30-2026  01:04:31.987 ] [mpi_amr_comm_setup]: buffer_dim_send=21941, buffer_dim_recv=21941
 [ 07-30-2026  01:04:32.055 ] [mpi_amr_comm_setup]: buffer_dim_send=8053, buffer_dim_recv=8053
 [ 07-30-2026  01:04:32.088 ] step: n=73 t=4.669312E-01 dt=4.625657E-07
 [ 07-30-2026  01:04:32.090 ] [mpi_amr_comm_setup]: buffer_dim_send=216373, buffer_dim_recv=216373
 [ 07-30-2026  01:04:32.808 ] [mpi_amr_comm_setup]: buffer_dim_send=21941, buffer_dim_recv=21941
 [ 07-30-2026  01:04:32.899 ] step: n=74 t=4.669316E-01 dt=1.620432E-08
 [ 07-30-2026  01:04:32.902 ] [mpi_amr_comm_setup]: buffer_dim_send=216373, buffer_dim_recv=216373
 [ 07-30-2026  01:04:33.615 ] [mpi_amr_comm_setup]: buffer_dim_send=21941, buffer_dim_recv=21941
 [ 07-30-2026  01:04:33.681 ] [mpi_amr_comm_setup]: buffer_dim_send=8053, buffer_dim_recv=8053
 [ 07-30-2026  01:04:33.714 ] step: n=75 t=4.669317E-01 dt=1.000000E-12
 [ 07-30-2026  01:04:33.716 ] [mpi_amr_comm_setup]: buffer_dim_send=216373, buffer_dim_recv=216373
 [ 07-30-2026  01:04:34.437 ] [mpi_amr_comm_setup]: buffer_dim_send=21941, buffer_dim_recv=21941
 [ 07-30-2026  01:04:34.526 ] step: n=76 t=4.669317E-01 dt=1.000000E-12
 [ 07-30-2026  01:04:34.528 ] [mpi_amr_comm_setup]: buffer_dim_send=216373, buffer_dim_recv=216373
 [ 07-30-2026  01:04:35.259 ] [mpi_amr_comm_setup]: buffer_dim_send=21941, buffer_dim_recv=21941
